// Jest Snapshot v1, https://goo.gl/fbAQLP

exports[`Pruebas en <FirstApp /> Debe hacer match con el snapshot 1`] = `
<div>
  <h1
    data-testid="test-title"
  >
    Prueba proptypes
  </h1>
  <p />
  <p />
  <p>
    Sebas
  </p>
</div>
`;
